
Memory Configuration

Name             Origin             Length             Attributes
*default*        0x0000000000000000 0xffffffffffffffff

Linker script and memory map

                0x0000000000010000                . = 0x10000

.startup        0x0000000000010000      0x120
 startup.o()
 .text          0x0000000000010000       0x10 startup.o
                0x0000000000010000                _Reset
 .text.stub     0x0000000000010010        0xc linker stubs
 .data          0x0000000000010020        0x0 startup.o
 .bss           0x0000000000010020        0x0 startup.o
 .ARM.attributes
                0x0000000000010020       0x24 startup.o
 .debug_line    0x0000000000010044       0x3a startup.o
 .debug_info    0x000000000001007e       0x6e startup.o
 .debug_abbrev  0x00000000000100ec       0x14 startup.o
 .debug_aranges
                0x0000000000010100       0x20 startup.o
 .iplt          0x0000000000000000        0x0 startup.o
 .rel.iplt      0x0000000000000000        0x0 startup.o
 .igot.plt      0x0000000000000000        0x0 startup.o

.text           0x0000000000010120       0x40
 *(.text)
 .text          0x0000000000010120       0x40 test.o
                0x0000000000010120                print_uart0
                0x000000000001014c                c_entry

.rodata         0x0000000000010160       0x14
 .rodata        0x0000000000010160       0x14 test.o
                0x0000000000010160                UART0DR

.glue_7         0x0000000000010174        0x0
 .glue_7        0x0000000000000000        0x0 linker stubs

.glue_7t        0x0000000000010174        0x0
 .glue_7t       0x0000000000000000        0x0 linker stubs

.vfp11_veneer   0x0000000000010174        0x0
 .vfp11_veneer  0x0000000000000000        0x0 linker stubs

.v4_bx          0x0000000000010174        0x0
 .v4_bx         0x0000000000000000        0x0 linker stubs

.data           0x0000000000010174        0x0
 *(.data)
 .data          0x0000000000010174        0x0 test.o

.bss            0x0000000000010174        0x0
 *(.bss)
 .bss           0x0000000000010174        0x0 test.o
                0x0000000000011174                . = (. + 0x1000)
                0x0000000000011174                stack_top = .
LOAD test.o
LOAD startup.o
OUTPUT(test.elf elf32-littlearm)

.debug_info     0x0000000000000000       0x9b
 .debug_info    0x0000000000000000       0x9b test.o

.debug_abbrev   0x0000000000000000       0x80
 .debug_abbrev  0x0000000000000000       0x80 test.o

.debug_loc      0x0000000000000000       0x64
 .debug_loc     0x0000000000000000       0x64 test.o

.debug_aranges  0x0000000000000000       0x20
 .debug_aranges
                0x0000000000000000       0x20 test.o

.debug_line     0x0000000000000000       0x40
 .debug_line    0x0000000000000000       0x40 test.o

.debug_str      0x0000000000000000       0x7f
 .debug_str     0x0000000000000000       0x7f test.o

.comment        0x0000000000000000       0x2a
 .comment       0x0000000000000000       0x2a test.o
                                         0x2b (size before relaxing)

.note.GNU-stack
                0x0000000000000000        0x0
 .note.GNU-stack
                0x0000000000000000        0x0 test.o

.ARM.attributes
                0x0000000000000000       0x34
 .ARM.attributes
                0x0000000000000000       0x38 test.o

.debug_frame    0x0000000000000000       0x4c
 .debug_frame   0x0000000000000000       0x4c test.o
